// Jest Snapshot v1, https://goo.gl/fbAQLP

exports[`Header renders correctly 1`] = `
<div>
  <header
    style="padding-top: 20px; padding-bottom: 20px;"
  >
    <div
      class="header row justify-content-between"
    >
      <h1
        class="name"
      >
        Sadik
        <span
          style="color: rgb(33, 150, 243);"
        >
           Milliti
        </span>
      </h1>
      <nav>
        <ul
          class=""
        >
          <li>
            <a
              class="link"
              href="/"
              state="[object Object]"
            >
              Home
            </a>
          </li>
          <li>
            <a
              class="link"
              href="/Resume"
              state="[object Object]"
            >
              Resume
            </a>
          </li>
          <li>
            <a
              class="link"
              href="/Services"
              state="[object Object]"
            >
              Services
            </a>
          </li>
        </ul>
      </nav>
    </div>
  </header>
</div>
`;
